// Jest Snapshot v1, https://goo.gl/fbAQLP

exports[`<SignIn /> Renders form if not authenticated 1`] = `
<form>
  <Field
    component={[Function]}
    label="Email"
    name="email"
    type="email"
    validate={
      Array [
        [Function],
        [Function],
      ]
    }
  />
  <Field
    component={[Function]}
    label="Password"
    name="password"
    type="password"
    validate={[Function]}
  />
  <button
    action="submit"
    className="btn btn-primary"
  >
    Sign in
  </button>
</form>
`;

exports[`<SignIn /> Renders sign out button if authenticated 1`] = `
<div>
  <p>
    You are already signed in.
  </p>
  <button>
    Sign Out
  </button>
</div>
`;
