// Jest Snapshot v1, https://goo.gl/fbAQLP

exports[`<Welcome /> Renders correctly 1`] = `
<div>
  Welcome to our slice of paradise
</div>
`;
