// Jest Snapshot v1, https://goo.gl/fbAQLP

exports[`<Alert /> Renders alert if there is an error 1`] = `
<div
  className="alert alert-danger alert-dismissible"
  role="alert"
>
  <button
    aria-label="Close"
    className="close"
    type="button"
  >
    <span
      aria-hidden="true"
    >
      Ã—
    </span>
  </button>
  <strong>
    Error:
  </strong>
   
  <span>
    ERROR!
  </span>
</div>
`;

exports[`<Alert /> Renders nothing if there is no error 1`] = `null`;
